// Jest Snapshot v1, https://goo.gl/fbAQLP

exports[`GameBoard Component renders correctly 1`] = `
[
  <View
    collapsable={false}
    style={
      {
        "backgroundColor": "#FFFFFF",
        "borderRadius": 10,
        "borderWidth": 2,
        "flexDirection": "row",
        "height": 637.5,
        "position": "absolute",
        "transform": [
          {
            "translateY": 1334,
          },
        ],
        "width": 637.5,
        "zIndex": 1,
      }
    }
  >
    <View
      collapsable={false}
      style={
        {
          "position": "absolute",
          "transform": [
            {
              "translateX": -750,
            },
            {
              "translateY": -150,
            },
          ],
          "zIndex": 1,
        }
      }
    />
    <View
      collapsable={false}
      onMoveShouldSetResponder={[Function]}
      onMoveShouldSetResponderCapture={[Function]}
      onResponderEnd={[Function]}
      onResponderGrant={[Function]}
      onResponderMove={[Function]}
      onResponderReject={[Function]}
      onResponderRelease={[Function]}
      onResponderStart={[Function]}
      onResponderTerminate={[Function]}
      onResponderTerminationRequest={[Function]}
      onStartShouldSetResponder={[Function]}
      onStartShouldSetResponderCapture={[Function]}
      style={
        {
          "backgroundColor": "rgba(170, 170, 170, 1)",
          "borderRadius": 10,
          "height": 154.875,
          "margin": 1,
          "position": "absolute",
          "transform": [
            {
              "translateX": 0,
            },
            {
              "translateY": 0,
            },
          ],
          "width": 154.875,
        }
      }
    >
      <View
        style={
          {
            "alignItems": "center",
            "borderRadius": 10,
            "borderWidth": 1,
            "height": "100%",
            "justifyContent": "center",
            "width": "100%",
          }
        }
      >
        <Text
          style={
            {
              "fontFamily": "Postino_std",
              "fontSize": 24,
              "textAlign": "center",
            }
          }
        >
          A
        </Text>
      </View>
    </View>
    <View
      collapsable={false}
      onMoveShouldSetResponder={[Function]}
      onMoveShouldSetResponderCapture={[Function]}
      onResponderEnd={[Function]}
      onResponderGrant={[Function]}
      onResponderMove={[Function]}
      onResponderReject={[Function]}
      onResponderRelease={[Function]}
      onResponderStart={[Function]}
      onResponderTerminate={[Function]}
      onResponderTerminationRequest={[Function]}
      onStartShouldSetResponder={[Function]}
      onStartShouldSetResponderCapture={[Function]}
      style={
        {
          "backgroundColor": "rgba(170, 170, 170, 1)",
          "borderRadius": 10,
          "height": 154.875,
          "margin": 1,
          "position": "absolute",
          "transform": [
            {
              "translateX": 158.875,
            },
            {
              "translateY": 0,
            },
          ],
          "width": 154.875,
        }
      }
    >
      <View
        style={
          {
            "alignItems": "center",
            "borderRadius": 10,
            "borderWidth": 1,
            "height": "100%",
            "justifyContent": "center",
            "width": "100%",
          }
        }
      >
        <Text
          style={
            {
              "fontFamily": "Postino_std",
              "fontSize": 24,
              "textAlign": "center",
            }
          }
        >
          B
        </Text>
      </View>
    </View>
    <View
      collapsable={false}
      onMoveShouldSetResponder={[Function]}
      onMoveShouldSetResponderCapture={[Function]}
      onResponderEnd={[Function]}
      onResponderGrant={[Function]}
      onResponderMove={[Function]}
      onResponderReject={[Function]}
      onResponderRelease={[Function]}
      onResponderStart={[Function]}
      onResponderTerminate={[Function]}
      onResponderTerminationRequest={[Function]}
      onStartShouldSetResponder={[Function]}
      onStartShouldSetResponderCapture={[Function]}
      style={
        {
          "backgroundColor": "rgba(170, 170, 170, 1)",
          "borderRadius": 10,
          "height": 154.875,
          "margin": 1,
          "position": "absolute",
          "transform": [
            {
              "translateX": 317.75,
            },
            {
              "translateY": 0,
            },
          ],
          "width": 154.875,
        }
      }
    >
      <View
        style={
          {
            "alignItems": "center",
            "borderRadius": 10,
            "borderWidth": 1,
            "height": "100%",
            "justifyContent": "center",
            "width": "100%",
          }
        }
      >
        <Text
          style={
            {
              "fontFamily": "Postino_std",
              "fontSize": 24,
              "textAlign": "center",
            }
          }
        >
          C
        </Text>
      </View>
    </View>
    <View
      collapsable={false}
      onMoveShouldSetResponder={[Function]}
      onMoveShouldSetResponderCapture={[Function]}
      onResponderEnd={[Function]}
      onResponderGrant={[Function]}
      onResponderMove={[Function]}
      onResponderReject={[Function]}
      onResponderRelease={[Function]}
      onResponderStart={[Function]}
      onResponderTerminate={[Function]}
      onResponderTerminationRequest={[Function]}
      onStartShouldSetResponder={[Function]}
      onStartShouldSetResponderCapture={[Function]}
      style={
        {
          "backgroundColor": "rgba(170, 170, 170, 1)",
          "borderRadius": 10,
          "height": 154.875,
          "margin": 1,
          "position": "absolute",
          "transform": [
            {
              "translateX": 476.625,
            },
            {
              "translateY": 0,
            },
          ],
          "width": 154.875,
        }
      }
    >
      <View
        style={
          {
            "alignItems": "center",
            "borderRadius": 10,
            "borderWidth": 1,
            "height": "100%",
            "justifyContent": "center",
            "width": "100%",
          }
        }
      >
        <Text
          style={
            {
              "fontFamily": "Postino_std",
              "fontSize": 24,
              "textAlign": "center",
            }
          }
        >
          D
        </Text>
      </View>
    </View>
    <View
      collapsable={false}
      onMoveShouldSetResponder={[Function]}
      onMoveShouldSetResponderCapture={[Function]}
      onResponderEnd={[Function]}
      onResponderGrant={[Function]}
      onResponderMove={[Function]}
      onResponderReject={[Function]}
      onResponderRelease={[Function]}
      onResponderStart={[Function]}
      onResponderTerminate={[Function]}
      onResponderTerminationRequest={[Function]}
      onStartShouldSetResponder={[Function]}
      onStartShouldSetResponderCapture={[Function]}
      style={
        {
          "backgroundColor": "rgba(170, 170, 170, 1)",
          "borderRadius": 10,
          "height": 154.875,
          "margin": 1,
          "position": "absolute",
          "transform": [
            {
              "translateX": 0,
            },
            {
              "translateY": 158.875,
            },
          ],
          "width": 154.875,
        }
      }
    >
      <View
        style={
          {
            "alignItems": "center",
            "borderRadius": 10,
            "borderWidth": 1,
            "height": "100%",
            "justifyContent": "center",
            "width": "100%",
          }
        }
      >
        <Text
          style={
            {
              "fontFamily": "Postino_std",
              "fontSize": 24,
              "textAlign": "center",
            }
          }
        >
          E
        </Text>
      </View>
    </View>
    <View
      collapsable={false}
      onMoveShouldSetResponder={[Function]}
      onMoveShouldSetResponderCapture={[Function]}
      onResponderEnd={[Function]}
      onResponderGrant={[Function]}
      onResponderMove={[Function]}
      onResponderReject={[Function]}
      onResponderRelease={[Function]}
      onResponderStart={[Function]}
      onResponderTerminate={[Function]}
      onResponderTerminationRequest={[Function]}
      onStartShouldSetResponder={[Function]}
      onStartShouldSetResponderCapture={[Function]}
      style={
        {
          "backgroundColor": "rgba(170, 170, 170, 1)",
          "borderRadius": 10,
          "height": 154.875,
          "margin": 1,
          "position": "absolute",
          "transform": [
            {
              "translateX": 158.875,
            },
            {
              "translateY": 158.875,
            },
          ],
          "width": 154.875,
        }
      }
    >
      <View
        style={
          {
            "alignItems": "center",
            "borderRadius": 10,
            "borderWidth": 1,
            "height": "100%",
            "justifyContent": "center",
            "width": "100%",
          }
        }
      >
        <Text
          style={
            {
              "fontFamily": "Postino_std",
              "fontSize": 24,
              "textAlign": "center",
            }
          }
        >
          F
        </Text>
      </View>
    </View>
    <View
      collapsable={false}
      onMoveShouldSetResponder={[Function]}
      onMoveShouldSetResponderCapture={[Function]}
      onResponderEnd={[Function]}
      onResponderGrant={[Function]}
      onResponderMove={[Function]}
      onResponderReject={[Function]}
      onResponderRelease={[Function]}
      onResponderStart={[Function]}
      onResponderTerminate={[Function]}
      onResponderTerminationRequest={[Function]}
      onStartShouldSetResponder={[Function]}
      onStartShouldSetResponderCapture={[Function]}
      style={
        {
          "backgroundColor": "rgba(170, 170, 170, 1)",
          "borderRadius": 10,
          "height": 154.875,
          "margin": 1,
          "position": "absolute",
          "transform": [
            {
              "translateX": 317.75,
            },
            {
              "translateY": 158.875,
            },
          ],
          "width": 154.875,
        }
      }
    >
      <View
        style={
          {
            "alignItems": "center",
            "borderRadius": 10,
            "borderWidth": 1,
            "height": "100%",
            "justifyContent": "center",
            "width": "100%",
          }
        }
      >
        <Text
          style={
            {
              "fontFamily": "Postino_std",
              "fontSize": 24,
              "textAlign": "center",
            }
          }
        >
          G
        </Text>
      </View>
    </View>
    <View
      collapsable={false}
      onMoveShouldSetResponder={[Function]}
      onMoveShouldSetResponderCapture={[Function]}
      onResponderEnd={[Function]}
      onResponderGrant={[Function]}
      onResponderMove={[Function]}
      onResponderReject={[Function]}
      onResponderRelease={[Function]}
      onResponderStart={[Function]}
      onResponderTerminate={[Function]}
      onResponderTerminationRequest={[Function]}
      onStartShouldSetResponder={[Function]}
      onStartShouldSetResponderCapture={[Function]}
      style={
        {
          "backgroundColor": "rgba(170, 170, 170, 1)",
          "borderRadius": 10,
          "height": 154.875,
          "margin": 1,
          "position": "absolute",
          "transform": [
            {
              "translateX": 476.625,
            },
            {
              "translateY": 158.875,
            },
          ],
          "width": 154.875,
        }
      }
    >
      <View
        style={
          {
            "alignItems": "center",
            "borderRadius": 10,
            "borderWidth": 1,
            "height": "100%",
            "justifyContent": "center",
            "width": "100%",
          }
        }
      >
        <Text
          style={
            {
              "fontFamily": "Postino_std",
              "fontSize": 24,
              "textAlign": "center",
            }
          }
        >
          H
        </Text>
      </View>
    </View>
    <View
      collapsable={false}
      onMoveShouldSetResponder={[Function]}
      onMoveShouldSetResponderCapture={[Function]}
      onResponderEnd={[Function]}
      onResponderGrant={[Function]}
      onResponderMove={[Function]}
      onResponderReject={[Function]}
      onResponderRelease={[Function]}
      onResponderStart={[Function]}
      onResponderTerminate={[Function]}
      onResponderTerminationRequest={[Function]}
      onStartShouldSetResponder={[Function]}
      onStartShouldSetResponderCapture={[Function]}
      style={
        {
          "backgroundColor": "rgba(170, 170, 170, 1)",
          "borderRadius": 10,
          "height": 154.875,
          "margin": 1,
          "position": "absolute",
          "transform": [
            {
              "translateX": 0,
            },
            {
              "translateY": 317.75,
            },
          ],
          "width": 154.875,
        }
      }
    >
      <View
        style={
          {
            "alignItems": "center",
            "borderRadius": 10,
            "borderWidth": 1,
            "height": "100%",
            "justifyContent": "center",
            "width": "100%",
          }
        }
      >
        <Text
          style={
            {
              "fontFamily": "Postino_std",
              "fontSize": 24,
              "textAlign": "center",
            }
          }
        >
          I
        </Text>
      </View>
    </View>
    <View
      collapsable={false}
      onMoveShouldSetResponder={[Function]}
      onMoveShouldSetResponderCapture={[Function]}
      onResponderEnd={[Function]}
      onResponderGrant={[Function]}
      onResponderMove={[Function]}
      onResponderReject={[Function]}
      onResponderRelease={[Function]}
      onResponderStart={[Function]}
      onResponderTerminate={[Function]}
      onResponderTerminationRequest={[Function]}
      onStartShouldSetResponder={[Function]}
      onStartShouldSetResponderCapture={[Function]}
      style={
        {
          "backgroundColor": "rgba(170, 170, 170, 1)",
          "borderRadius": 10,
          "height": 154.875,
          "margin": 1,
          "position": "absolute",
          "transform": [
            {
              "translateX": 158.875,
            },
            {
              "translateY": 317.75,
            },
          ],
          "width": 154.875,
        }
      }
    >
      <View
        style={
          {
            "alignItems": "center",
            "borderRadius": 10,
            "borderWidth": 1,
            "height": "100%",
            "justifyContent": "center",
            "width": "100%",
          }
        }
      >
        <Text
          style={
            {
              "fontFamily": "Postino_std",
              "fontSize": 24,
              "textAlign": "center",
            }
          }
        >
          J
        </Text>
      </View>
    </View>
    <View
      collapsable={false}
      onMoveShouldSetResponder={[Function]}
      onMoveShouldSetResponderCapture={[Function]}
      onResponderEnd={[Function]}
      onResponderGrant={[Function]}
      onResponderMove={[Function]}
      onResponderReject={[Function]}
      onResponderRelease={[Function]}
      onResponderStart={[Function]}
      onResponderTerminate={[Function]}
      onResponderTerminationRequest={[Function]}
      onStartShouldSetResponder={[Function]}
      onStartShouldSetResponderCapture={[Function]}
      style={
        {
          "backgroundColor": "rgba(170, 170, 170, 1)",
          "borderRadius": 10,
          "height": 154.875,
          "margin": 1,
          "position": "absolute",
          "transform": [
            {
              "translateX": 317.75,
            },
            {
              "translateY": 317.75,
            },
          ],
          "width": 154.875,
        }
      }
    >
      <View
        style={
          {
            "alignItems": "center",
            "borderRadius": 10,
            "borderWidth": 1,
            "height": "100%",
            "justifyContent": "center",
            "width": "100%",
          }
        }
      >
        <Text
          style={
            {
              "fontFamily": "Postino_std",
              "fontSize": 24,
              "textAlign": "center",
            }
          }
        >
          K
        </Text>
      </View>
    </View>
    <View
      collapsable={false}
      onMoveShouldSetResponder={[Function]}
      onMoveShouldSetResponderCapture={[Function]}
      onResponderEnd={[Function]}
      onResponderGrant={[Function]}
      onResponderMove={[Function]}
      onResponderReject={[Function]}
      onResponderRelease={[Function]}
      onResponderStart={[Function]}
      onResponderTerminate={[Function]}
      onResponderTerminationRequest={[Function]}
      onStartShouldSetResponder={[Function]}
      onStartShouldSetResponderCapture={[Function]}
      style={
        {
          "backgroundColor": "rgba(170, 170, 170, 1)",
          "borderRadius": 10,
          "height": 154.875,
          "margin": 1,
          "position": "absolute",
          "transform": [
            {
              "translateX": 476.625,
            },
            {
              "translateY": 317.75,
            },
          ],
          "width": 154.875,
        }
      }
    >
      <View
        style={
          {
            "alignItems": "center",
            "borderRadius": 10,
            "borderWidth": 1,
            "height": "100%",
            "justifyContent": "center",
            "width": "100%",
          }
        }
      >
        <Text
          style={
            {
              "fontFamily": "Postino_std",
              "fontSize": 24,
              "textAlign": "center",
            }
          }
        >
          L
        </Text>
      </View>
    </View>
    <View
      collapsable={false}
      onMoveShouldSetResponder={[Function]}
      onMoveShouldSetResponderCapture={[Function]}
      onResponderEnd={[Function]}
      onResponderGrant={[Function]}
      onResponderMove={[Function]}
      onResponderReject={[Function]}
      onResponderRelease={[Function]}
      onResponderStart={[Function]}
      onResponderTerminate={[Function]}
      onResponderTerminationRequest={[Function]}
      onStartShouldSetResponder={[Function]}
      onStartShouldSetResponderCapture={[Function]}
      style={
        {
          "backgroundColor": "rgba(170, 170, 170, 1)",
          "borderRadius": 10,
          "height": 154.875,
          "margin": 1,
          "position": "absolute",
          "transform": [
            {
              "translateX": 0,
            },
            {
              "translateY": 476.625,
            },
          ],
          "width": 154.875,
        }
      }
    >
      <View
        style={
          {
            "alignItems": "center",
            "borderRadius": 10,
            "borderWidth": 1,
            "height": "100%",
            "justifyContent": "center",
            "width": "100%",
          }
        }
      >
        <Text
          style={
            {
              "fontFamily": "Postino_std",
              "fontSize": 24,
              "textAlign": "center",
            }
          }
        >
          M
        </Text>
      </View>
    </View>
    <View
      collapsable={false}
      onMoveShouldSetResponder={[Function]}
      onMoveShouldSetResponderCapture={[Function]}
      onResponderEnd={[Function]}
      onResponderGrant={[Function]}
      onResponderMove={[Function]}
      onResponderReject={[Function]}
      onResponderRelease={[Function]}
      onResponderStart={[Function]}
      onResponderTerminate={[Function]}
      onResponderTerminationRequest={[Function]}
      onStartShouldSetResponder={[Function]}
      onStartShouldSetResponderCapture={[Function]}
      style={
        {
          "backgroundColor": "rgba(170, 170, 170, 1)",
          "borderRadius": 10,
          "height": 154.875,
          "margin": 1,
          "position": "absolute",
          "transform": [
            {
              "translateX": 158.875,
            },
            {
              "translateY": 476.625,
            },
          ],
          "width": 154.875,
        }
      }
    >
      <View
        style={
          {
            "alignItems": "center",
            "borderRadius": 10,
            "borderWidth": 1,
            "height": "100%",
            "justifyContent": "center",
            "width": "100%",
          }
        }
      >
        <Text
          style={
            {
              "fontFamily": "Postino_std",
              "fontSize": 24,
              "textAlign": "center",
            }
          }
        >
          N
        </Text>
      </View>
    </View>
    <View
      collapsable={false}
      onMoveShouldSetResponder={[Function]}
      onMoveShouldSetResponderCapture={[Function]}
      onResponderEnd={[Function]}
      onResponderGrant={[Function]}
      onResponderMove={[Function]}
      onResponderReject={[Function]}
      onResponderRelease={[Function]}
      onResponderStart={[Function]}
      onResponderTerminate={[Function]}
      onResponderTerminationRequest={[Function]}
      onStartShouldSetResponder={[Function]}
      onStartShouldSetResponderCapture={[Function]}
      style={
        {
          "backgroundColor": "rgba(170, 170, 170, 1)",
          "borderRadius": 10,
          "height": 154.875,
          "margin": 1,
          "position": "absolute",
          "transform": [
            {
              "translateX": 317.75,
            },
            {
              "translateY": 476.625,
            },
          ],
          "width": 154.875,
        }
      }
    >
      <View
        style={
          {
            "alignItems": "center",
            "borderRadius": 10,
            "borderWidth": 1,
            "height": "100%",
            "justifyContent": "center",
            "width": "100%",
          }
        }
      >
        <Text
          style={
            {
              "fontFamily": "Postino_std",
              "fontSize": 24,
              "textAlign": "center",
            }
          }
        >
          O
        </Text>
      </View>
    </View>
    <View
      style={
        {
          "backgroundColor": "#FFFFFF",
          "borderRadius": 10,
          "height": 154.875,
          "transform": [
            {
              "translateX": 476.625,
            },
            {
              "translateY": 476.625,
            },
          ],
          "width": 154.875,
          "zIndex": -1,
        }
      }
    />
  </View>,
  <View
    style={
      {
        "alignItems": "center",
        "position": "absolute",
        "top": -476.625,
        "width": "100%",
        "zIndex": 1,
      }
    }
  >
    <View
      collapsable={false}
      onMoveShouldSetResponder={[Function]}
      onMoveShouldSetResponderCapture={[Function]}
      onResponderEnd={[Function]}
      onResponderGrant={[Function]}
      onResponderMove={[Function]}
      onResponderReject={[Function]}
      onResponderRelease={[Function]}
      onResponderStart={[Function]}
      onResponderTerminate={[Function]}
      onResponderTerminationRequest={[Function]}
      onStartShouldSetResponder={[Function]}
      onStartShouldSetResponderCapture={[Function]}
      style={
        {
          "alignItems": "center",
          "backgroundColor": "#AAA",
          "borderRadius": 10,
          "height": 154.875,
          "justifyContent": "center",
          "margin": 1,
          "transform": [
            {
              "translateX": 0,
            },
            {
              "translateY": 0,
            },
          ],
          "width": 154.875,
        }
      }
    >
      <View
        style={
          {
            "alignItems": "center",
            "borderRadius": 10,
            "borderWidth": 1,
            "height": "100%",
            "justifyContent": "center",
            "width": "100%",
          }
        }
      >
        <Text
          style={
            {
              "fontFamily": "Postino_std",
              "fontSize": 24,
              "textAlign": "center",
            }
          }
        >
          P
        </Text>
      </View>
    </View>
  </View>,
  <View
    style={
      {
        "flexDirection": "row",
        "marginTop": 20,
        "position": "absolute",
        "zIndex": 0,
      }
    }
  >
    <View
      collapsable={false}
      style={
        {
          "alignItems": "center",
          "backgroundColor": "#8BF0BC",
          "borderBottomWidth": 5,
          "borderColor": "white",
          "borderTopWidth": 5,
          "flexDirection": "column",
          "justifyContent": "center",
          "paddingVertical": 10,
          "transform": [
            {
              "translateX": -750,
            },
            {
              "translateY": 200,
            },
          ],
          "width": 375,
        }
      }
    >
      <Text
        style={
          {
            "color": "black",
            "fontSize": 20,
            "textAlign": "center",
          }
        }
      >
        Time
      </Text>
      <Text
        style={
          {
            "color": "black",
            "fontSize": 20,
            "textAlign": "center",
          }
        }
      >
        00:00:00
      </Text>
    </View>
    <View
      collapsable={false}
      style={
        {
          "alignItems": "center",
          "backgroundColor": "#8BF0BC",
          "borderBottomWidth": 5,
          "borderColor": "white",
          "borderTopWidth": 5,
          "flexDirection": "column",
          "justifyContent": "center",
          "paddingVertical": 10,
          "transform": [
            {
              "translateX": 750,
            },
            {
              "translateY": 200,
            },
          ],
          "width": 375,
        }
      }
    >
      <Text
        style={
          {
            "color": "black",
            "fontSize": 20,
            "textAlign": "center",
          }
        }
      >
        Slides
      </Text>
      <Text
        style={
          {
            "color": "black",
            "fontSize": 20,
            "textAlign": "center",
          }
        }
      >
        0
      </Text>
    </View>
  </View>,
]
`;
