// Jest Snapshot v1, https://goo.gl/fbAQLP

exports[`Hints Component renders correctly 1`] = `
<View
  collapsable={false}
  style={
    {
      "position": "absolute",
      "transform": [
        {
          "translateX": -750,
        },
        {
          "translateY": -150,
        },
      ],
      "zIndex": 1,
    }
  }
>
  <View
    accessibilityState={
      {
        "busy": undefined,
        "checked": undefined,
        "disabled": undefined,
        "expanded": undefined,
        "selected": undefined,
      }
    }
    accessibilityValue={
      {
        "max": undefined,
        "min": undefined,
        "now": undefined,
        "text": undefined,
      }
    }
    accessible={true}
    collapsable={false}
    focusable={true}
    onClick={[Function]}
    onResponderGrant={[Function]}
    onResponderMove={[Function]}
    onResponderRelease={[Function]}
    onResponderTerminate={[Function]}
    onResponderTerminationRequest={[Function]}
    onStartShouldSetResponder={[Function]}
    style={
      {
        "backgroundColor": "white",
        "borderColor": "#8BF0BC",
        "borderRadius": 50,
        "borderWidth": 2,
        "opacity": 1,
        "padding": 15,
      }
    }
  >
    MaterialCommunityIconsMock
  </View>
</View>
`;
