// Jest Snapshot v1, https://goo.gl/fbAQLP

exports[`RoundButton Component renders correctly 1`] = `
<View
  accessibilityState={
    {
      "busy": undefined,
      "checked": undefined,
      "disabled": undefined,
      "expanded": undefined,
      "selected": undefined,
    }
  }
  accessibilityValue={
    {
      "max": undefined,
      "min": undefined,
      "now": undefined,
      "text": undefined,
    }
  }
  accessible={true}
  collapsable={false}
  focusable={true}
  onClick={[Function]}
  onResponderGrant={[Function]}
  onResponderMove={[Function]}
  onResponderRelease={[Function]}
  onResponderTerminate={[Function]}
  onResponderTerminationRequest={[Function]}
  onStartShouldSetResponder={[Function]}
  style={
    {
      "backgroundColor": "#000",
      "borderColor": "#8BF0BC",
      "borderRadius": 50,
      "borderWidth": 2,
      "opacity": 1,
      "padding": 15,
    }
  }
  testID="roundButton"
>
  MaterialCommunityIconsMock
</View>
`;
